  Determining projects to restore...
  All projects are up-to-date for restore.
  Koala.Yedpa.Core -> D:\cSource\repos\Koala.Yedpa_cursor\Koala.Yedpa.Core\bin\Debug\net10.0\Koala.Yedpa.Core.dll
  Koala.Yedpa.Repositories -> D:\cSource\repos\Koala.Yedpa_cursor\Koala.Yedpa.Repositories\bin\Debug\net10.0\Koala.Yedpa.Repositories.dll
  Koala.Yedpa.Service -> D:\cSource\repos\Koala.Yedpa_cursor\Koala.Yedpa.Service\bin\Debug\net10.0\Koala.Yedpa.Service.dll
C:\Program Files\dotnet\sdk\10.0.102\Microsoft.Common.CurrentVersion.targets(5080,5): warning MSB3026: Could not copy "D:\cSource\repos\Koala.Yedpa_cursor\Koala.Yedpa.Repositories\bin\Debug\net10.0\Koala.Yedpa.Repositories.dll" to "bin\Debug\net10.0\Koala.Yedpa.Repositories.dll". Beginning retry 1 in 1000ms. The process cannot access the file 'D:\cSource\repos\Koala.Yedpa_cursor\Koala.Yedpa.WebUI\bin\Debug\net10.0\Koala.Yedpa.Repositories.dll' because it is being used by another process. The file is locked by: "Koala.Yedpa.WebUI (59500)" [D:\cSource\repos\Koala.Yedpa_cursor\Koala.Yedpa.WebUI\Koala.Yedpa.WebUI.csproj]
C:\Program Files\dotnet\sdk\10.0.102\Microsoft.Common.CurrentVersion.targets(5080,5): warning MSB3026: Could not copy "D:\cSource\repos\Koala.Yedpa_cursor\Koala.Yedpa.Service\bin\Debug\net10.0\Koala.Yedpa.Service.dll" to "bin\Debug\net10.0\Koala.Yedpa.Service.dll". Beginning retry 1 in 1000ms. The process cannot access the file 'D:\cSource\repos\Koala.Yedpa_cursor\Koala.Yedpa.WebUI\bin\Debug\net10.0\Koala.Yedpa.Service.dll' because it is being used by another process. The file is locked by: "Koala.Yedpa.WebUI (59500)" [D:\cSource\repos\Koala.Yedpa_cursor\Koala.Yedpa.WebUI\Koala.Yedpa.WebUI.csproj]
C:\Program Files\dotnet\sdk\10.0.102\Microsoft.Common.CurrentVersion.targets(5080,5): warning MSB3026: Could not copy "D:\cSource\repos\Koala.Yedpa_cursor\Koala.Yedpa.Core\bin\Debug\net10.0\Koala.Yedpa.Core.dll" to "bin\Debug\net10.0\Koala.Yedpa.Core.dll". Beginning retry 1 in 1000ms. The process cannot access the file 'D:\cSource\repos\Koala.Yedpa_cursor\Koala.Yedpa.WebUI\bin\Debug\net10.0\Koala.Yedpa.Core.dll' because it is being used by another process. The file is locked by: "Koala.Yedpa.WebUI (59500)" [D:\cSource\repos\Koala.Yedpa_cursor\Koala.Yedpa.WebUI\Koala.Yedpa.WebUI.csproj]
C:\Program Files\dotnet\sdk\10.0.102\Microsoft.Common.CurrentVersion.targets(5080,5): warning MSB3026: Could not copy "D:\cSource\repos\Koala.Yedpa_cursor\Koala.Yedpa.Repositories\bin\Debug\net10.0\Koala.Yedpa.Repositories.dll" to "bin\Debug\net10.0\Koala.Yedpa.Repositories.dll". Beginning retry 2 in 1000ms. The process cannot access the file 'D:\cSource\repos\Koala.Yedpa_cursor\Koala.Yedpa.WebUI\bin\Debug\net10.0\Koala.Yedpa.Repositories.dll' because it is being used by another process. The file is locked by: "Koala.Yedpa.WebUI (59500)" [D:\cSource\repos\Koala.Yedpa_cursor\Koala.Yedpa.WebUI\Koala.Yedpa.WebUI.csproj]
C:\Program Files\dotnet\sdk\10.0.102\Microsoft.Common.CurrentVersion.targets(5080,5): warning MSB3026: Could not copy "D:\cSource\repos\Koala.Yedpa_cursor\Koala.Yedpa.Service\bin\Debug\net10.0\Koala.Yedpa.Service.dll" to "bin\Debug\net10.0\Koala.Yedpa.Service.dll". Beginning retry 2 in 1000ms. The process cannot access the file 'D:\cSource\repos\Koala.Yedpa_cursor\Koala.Yedpa.WebUI\bin\Debug\net10.0\Koala.Yedpa.Service.dll' because it is being used by another process. The file is locked by: "Koala.Yedpa.WebUI (59500)" [D:\cSource\repos\Koala.Yedpa_cursor\Koala.Yedpa.WebUI\Koala.Yedpa.WebUI.csproj]
C:\Program Files\dotnet\sdk\10.0.102\Microsoft.Common.CurrentVersion.targets(5080,5): warning MSB3026: Could not copy "D:\cSource\repos\Koala.Yedpa_cursor\Koala.Yedpa.Core\bin\Debug\net10.0\Koala.Yedpa.Core.dll" to "bin\Debug\net10.0\Koala.Yedpa.Core.dll". Beginning retry 2 in 1000ms. The process cannot access the file 'D:\cSource\repos\Koala.Yedpa_cursor\Koala.Yedpa.WebUI\bin\Debug\net10.0\Koala.Yedpa.Core.dll' because it is being used by another process. The file is locked by: "Koala.Yedpa.WebUI (59500)" [D:\cSource\repos\Koala.Yedpa_cursor\Koala.Yedpa.WebUI\Koala.Yedpa.WebUI.csproj]
C:\Program Files\dotnet\sdk\10.0.102\Microsoft.Common.CurrentVersion.targets(5080,5): warning MSB3026: Could not copy "D:\cSource\repos\Koala.Yedpa_cursor\Koala.Yedpa.Repositories\bin\Debug\net10.0\Koala.Yedpa.Repositories.dll" to "bin\Debug\net10.0\Koala.Yedpa.Repositories.dll". Beginning retry 3 in 1000ms. The process cannot access the file 'D:\cSource\repos\Koala.Yedpa_cursor\Koala.Yedpa.WebUI\bin\Debug\net10.0\Koala.Yedpa.Repositories.dll' because it is being used by another process. The file is locked by: "Koala.Yedpa.WebUI (59500)" [D:\cSource\repos\Koala.Yedpa_cursor\Koala.Yedpa.WebUI\Koala.Yedpa.WebUI.csproj]
C:\Program Files\dotnet\sdk\10.0.102\Microsoft.Common.CurrentVersion.targets(5080,5): warning MSB3026: Could not copy "D:\cSource\repos\Koala.Yedpa_cursor\Koala.Yedpa.Service\bin\Debug\net10.0\Koala.Yedpa.Service.dll" to "bin\Debug\net10.0\Koala.Yedpa.Service.dll". Beginning retry 3 in 1000ms. The process cannot access the file 'D:\cSource\repos\Koala.Yedpa_cursor\Koala.Yedpa.WebUI\bin\Debug\net10.0\Koala.Yedpa.Service.dll' because it is being used by another process. The file is locked by: "Koala.Yedpa.WebUI (59500)" [D:\cSource\repos\Koala.Yedpa_cursor\Koala.Yedpa.WebUI\Koala.Yedpa.WebUI.csproj]
C:\Program Files\dotnet\sdk\10.0.102\Microsoft.Common.CurrentVersion.targets(5080,5): warning MSB3026: Could not copy "D:\cSource\repos\Koala.Yedpa_cursor\Koala.Yedpa.Core\bin\Debug\net10.0\Koala.Yedpa.Core.dll" to "bin\Debug\net10.0\Koala.Yedpa.Core.dll". Beginning retry 3 in 1000ms. The process cannot access the file 'D:\cSource\repos\Koala.Yedpa_cursor\Koala.Yedpa.WebUI\bin\Debug\net10.0\Koala.Yedpa.Core.dll' because it is being used by another process. The file is locked by: "Koala.Yedpa.WebUI (59500)" [D:\cSource\repos\Koala.Yedpa_cursor\Koala.Yedpa.WebUI\Koala.Yedpa.WebUI.csproj]
C:\Program Files\dotnet\sdk\10.0.102\Microsoft.Common.CurrentVersion.targets(5080,5): warning MSB3026: Could not copy "D:\cSource\repos\Koala.Yedpa_cursor\Koala.Yedpa.Repositories\bin\Debug\net10.0\Koala.Yedpa.Repositories.dll" to "bin\Debug\net10.0\Koala.Yedpa.Repositories.dll". Beginning retry 4 in 1000ms. The process cannot access the file 'D:\cSource\repos\Koala.Yedpa_cursor\Koala.Yedpa.WebUI\bin\Debug\net10.0\Koala.Yedpa.Repositories.dll' because it is being used by another process. The file is locked by: "Koala.Yedpa.WebUI (59500)" [D:\cSource\repos\Koala.Yedpa_cursor\Koala.Yedpa.WebUI\Koala.Yedpa.WebUI.csproj]
C:\Program Files\dotnet\sdk\10.0.102\Microsoft.Common.CurrentVersion.targets(5080,5): warning MSB3026: Could not copy "D:\cSource\repos\Koala.Yedpa_cursor\Koala.Yedpa.Service\bin\Debug\net10.0\Koala.Yedpa.Service.dll" to "bin\Debug\net10.0\Koala.Yedpa.Service.dll". Beginning retry 4 in 1000ms. The process cannot access the file 'D:\cSource\repos\Koala.Yedpa_cursor\Koala.Yedpa.WebUI\bin\Debug\net10.0\Koala.Yedpa.Service.dll' because it is being used by another process. The file is locked by: "Koala.Yedpa.WebUI (59500)" [D:\cSource\repos\Koala.Yedpa_cursor\Koala.Yedpa.WebUI\Koala.Yedpa.WebUI.csproj]
C:\Program Files\dotnet\sdk\10.0.102\Microsoft.Common.CurrentVersion.targets(5080,5): warning MSB3026: Could not copy "D:\cSource\repos\Koala.Yedpa_cursor\Koala.Yedpa.Core\bin\Debug\net10.0\Koala.Yedpa.Core.dll" to "bin\Debug\net10.0\Koala.Yedpa.Core.dll". Beginning retry 4 in 1000ms. The process cannot access the file 'D:\cSource\repos\Koala.Yedpa_cursor\Koala.Yedpa.WebUI\bin\Debug\net10.0\Koala.Yedpa.Core.dll' because it is being used by another process. The file is locked by: "Koala.Yedpa.WebUI (59500)" [D:\cSource\repos\Koala.Yedpa_cursor\Koala.Yedpa.WebUI\Koala.Yedpa.WebUI.csproj]
C:\Program Files\dotnet\sdk\10.0.102\Microsoft.Common.CurrentVersion.targets(5080,5): warning MSB3026: Could not copy "D:\cSource\repos\Koala.Yedpa_cursor\Koala.Yedpa.Repositories\bin\Debug\net10.0\Koala.Yedpa.Repositories.dll" to "bin\Debug\net10.0\Koala.Yedpa.Repositories.dll". Beginning retry 5 in 1000ms. The process cannot access the file 'D:\cSource\repos\Koala.Yedpa_cursor\Koala.Yedpa.WebUI\bin\Debug\net10.0\Koala.Yedpa.Repositories.dll' because it is being used by another process. The file is locked by: "Koala.Yedpa.WebUI (59500)" [D:\cSource\repos\Koala.Yedpa_cursor\Koala.Yedpa.WebUI\Koala.Yedpa.WebUI.csproj]
C:\Program Files\dotnet\sdk\10.0.102\Microsoft.Common.CurrentVersion.targets(5080,5): warning MSB3026: Could not copy "D:\cSource\repos\Koala.Yedpa_cursor\Koala.Yedpa.Service\bin\Debug\net10.0\Koala.Yedpa.Service.dll" to "bin\Debug\net10.0\Koala.Yedpa.Service.dll". Beginning retry 5 in 1000ms. The process cannot access the file 'D:\cSource\repos\Koala.Yedpa_cursor\Koala.Yedpa.WebUI\bin\Debug\net10.0\Koala.Yedpa.Service.dll' because it is being used by another process. The file is locked by: "Koala.Yedpa.WebUI (59500)" [D:\cSource\repos\Koala.Yedpa_cursor\Koala.Yedpa.WebUI\Koala.Yedpa.WebUI.csproj]
C:\Program Files\dotnet\sdk\10.0.102\Microsoft.Common.CurrentVersion.targets(5080,5): warning MSB3026: Could not copy "D:\cSource\repos\Koala.Yedpa_cursor\Koala.Yedpa.Core\bin\Debug\net10.0\Koala.Yedpa.Core.dll" to "bin\Debug\net10.0\Koala.Yedpa.Core.dll". Beginning retry 5 in 1000ms. The process cannot access the file 'D:\cSource\repos\Koala.Yedpa_cursor\Koala.Yedpa.WebUI\bin\Debug\net10.0\Koala.Yedpa.Core.dll' because it is being used by another process. The file is locked by: "Koala.Yedpa.WebUI (59500)" [D:\cSource\repos\Koala.Yedpa_cursor\Koala.Yedpa.WebUI\Koala.Yedpa.WebUI.csproj]
C:\Program Files\dotnet\sdk\10.0.102\Microsoft.Common.CurrentVersion.targets(5080,5): warning MSB3026: Could not copy "D:\cSource\repos\Koala.Yedpa_cursor\Koala.Yedpa.Repositories\bin\Debug\net10.0\Koala.Yedpa.Repositories.dll" to "bin\Debug\net10.0\Koala.Yedpa.Repositories.dll". Beginning retry 6 in 1000ms. The process cannot access the file 'D:\cSource\repos\Koala.Yedpa_cursor\Koala.Yedpa.WebUI\bin\Debug\net10.0\Koala.Yedpa.Repositories.dll' because it is being used by another process. The file is locked by: "Koala.Yedpa.WebUI (59500)" [D:\cSource\repos\Koala.Yedpa_cursor\Koala.Yedpa.WebUI\Koala.Yedpa.WebUI.csproj]
C:\Program Files\dotnet\sdk\10.0.102\Microsoft.Common.CurrentVersion.targets(5080,5): warning MSB3026: Could not copy "D:\cSource\repos\Koala.Yedpa_cursor\Koala.Yedpa.Service\bin\Debug\net10.0\Koala.Yedpa.Service.dll" to "bin\Debug\net10.0\Koala.Yedpa.Service.dll". Beginning retry 6 in 1000ms. The process cannot access the file 'D:\cSource\repos\Koala.Yedpa_cursor\Koala.Yedpa.WebUI\bin\Debug\net10.0\Koala.Yedpa.Service.dll' because it is being used by another process. The file is locked by: "Koala.Yedpa.WebUI (59500)" [D:\cSource\repos\Koala.Yedpa_cursor\Koala.Yedpa.WebUI\Koala.Yedpa.WebUI.csproj]
C:\Program Files\dotnet\sdk\10.0.102\Microsoft.Common.CurrentVersion.targets(5080,5): warning MSB3026: Could not copy "D:\cSource\repos\Koala.Yedpa_cursor\Koala.Yedpa.Core\bin\Debug\net10.0\Koala.Yedpa.Core.dll" to "bin\Debug\net10.0\Koala.Yedpa.Core.dll". Beginning retry 6 in 1000ms. The process cannot access the file 'D:\cSource\repos\Koala.Yedpa_cursor\Koala.Yedpa.WebUI\bin\Debug\net10.0\Koala.Yedpa.Core.dll' because it is being used by another process. The file is locked by: "Koala.Yedpa.WebUI (59500)" [D:\cSource\repos\Koala.Yedpa_cursor\Koala.Yedpa.WebUI\Koala.Yedpa.WebUI.csproj]
C:\Program Files\dotnet\sdk\10.0.102\Microsoft.Common.CurrentVersion.targets(5080,5): warning MSB3026: Could not copy "D:\cSource\repos\Koala.Yedpa_cursor\Koala.Yedpa.Repositories\bin\Debug\net10.0\Koala.Yedpa.Repositories.dll" to "bin\Debug\net10.0\Koala.Yedpa.Repositories.dll". Beginning retry 7 in 1000ms. The process cannot access the file 'D:\cSource\repos\Koala.Yedpa_cursor\Koala.Yedpa.WebUI\bin\Debug\net10.0\Koala.Yedpa.Repositories.dll' because it is being used by another process. The file is locked by: "Koala.Yedpa.WebUI (59500)" [D:\cSource\repos\Koala.Yedpa_cursor\Koala.Yedpa.WebUI\Koala.Yedpa.WebUI.csproj]
C:\Program Files\dotnet\sdk\10.0.102\Microsoft.Common.CurrentVersion.targets(5080,5): warning MSB3026: Could not copy "D:\cSource\repos\Koala.Yedpa_cursor\Koala.Yedpa.Service\bin\Debug\net10.0\Koala.Yedpa.Service.dll" to "bin\Debug\net10.0\Koala.Yedpa.Service.dll". Beginning retry 7 in 1000ms. The process cannot access the file 'D:\cSource\repos\Koala.Yedpa_cursor\Koala.Yedpa.WebUI\bin\Debug\net10.0\Koala.Yedpa.Service.dll' because it is being used by another process. The file is locked by: "Koala.Yedpa.WebUI (59500)" [D:\cSource\repos\Koala.Yedpa_cursor\Koala.Yedpa.WebUI\Koala.Yedpa.WebUI.csproj]
C:\Program Files\dotnet\sdk\10.0.102\Microsoft.Common.CurrentVersion.targets(5080,5): warning MSB3026: Could not copy "D:\cSource\repos\Koala.Yedpa_cursor\Koala.Yedpa.Core\bin\Debug\net10.0\Koala.Yedpa.Core.dll" to "bin\Debug\net10.0\Koala.Yedpa.Core.dll". Beginning retry 7 in 1000ms. The process cannot access the file 'D:\cSource\repos\Koala.Yedpa_cursor\Koala.Yedpa.WebUI\bin\Debug\net10.0\Koala.Yedpa.Core.dll' because it is being used by another process. The file is locked by: "Koala.Yedpa.WebUI (59500)" [D:\cSource\repos\Koala.Yedpa_cursor\Koala.Yedpa.WebUI\Koala.Yedpa.WebUI.csproj]
C:\Program Files\dotnet\sdk\10.0.102\Microsoft.Common.CurrentVersion.targets(5080,5): warning MSB3026: Could not copy "D:\cSource\repos\Koala.Yedpa_cursor\Koala.Yedpa.Repositories\bin\Debug\net10.0\Koala.Yedpa.Repositories.dll" to "bin\Debug\net10.0\Koala.Yedpa.Repositories.dll". Beginning retry 8 in 1000ms. The process cannot access the file 'D:\cSource\repos\Koala.Yedpa_cursor\Koala.Yedpa.WebUI\bin\Debug\net10.0\Koala.Yedpa.Repositories.dll' because it is being used by another process. The file is locked by: "Koala.Yedpa.WebUI (59500)" [D:\cSource\repos\Koala.Yedpa_cursor\Koala.Yedpa.WebUI\Koala.Yedpa.WebUI.csproj]
C:\Program Files\dotnet\sdk\10.0.102\Microsoft.Common.CurrentVersion.targets(5080,5): warning MSB3026: Could not copy "D:\cSource\repos\Koala.Yedpa_cursor\Koala.Yedpa.Service\bin\Debug\net10.0\Koala.Yedpa.Service.dll" to "bin\Debug\net10.0\Koala.Yedpa.Service.dll". Beginning retry 8 in 1000ms. The process cannot access the file 'D:\cSource\repos\Koala.Yedpa_cursor\Koala.Yedpa.WebUI\bin\Debug\net10.0\Koala.Yedpa.Service.dll' because it is being used by another process. The file is locked by: "Koala.Yedpa.WebUI (59500)" [D:\cSource\repos\Koala.Yedpa_cursor\Koala.Yedpa.WebUI\Koala.Yedpa.WebUI.csproj]
C:\Program Files\dotnet\sdk\10.0.102\Microsoft.Common.CurrentVersion.targets(5080,5): warning MSB3026: Could not copy "D:\cSource\repos\Koala.Yedpa_cursor\Koala.Yedpa.Core\bin\Debug\net10.0\Koala.Yedpa.Core.dll" to "bin\Debug\net10.0\Koala.Yedpa.Core.dll". Beginning retry 8 in 1000ms. The process cannot access the file 'D:\cSource\repos\Koala.Yedpa_cursor\Koala.Yedpa.WebUI\bin\Debug\net10.0\Koala.Yedpa.Core.dll' because it is being used by another process. The file is locked by: "Koala.Yedpa.WebUI (59500)" [D:\cSource\repos\Koala.Yedpa_cursor\Koala.Yedpa.WebUI\Koala.Yedpa.WebUI.csproj]
C:\Program Files\dotnet\sdk\10.0.102\Microsoft.Common.CurrentVersion.targets(5080,5): warning MSB3026: Could not copy "D:\cSource\repos\Koala.Yedpa_cursor\Koala.Yedpa.Repositories\bin\Debug\net10.0\Koala.Yedpa.Repositories.dll" to "bin\Debug\net10.0\Koala.Yedpa.Repositories.dll". Beginning retry 9 in 1000ms. The process cannot access the file 'D:\cSource\repos\Koala.Yedpa_cursor\Koala.Yedpa.WebUI\bin\Debug\net10.0\Koala.Yedpa.Repositories.dll' because it is being used by another process. The file is locked by: "Koala.Yedpa.WebUI (59500)" [D:\cSource\repos\Koala.Yedpa_cursor\Koala.Yedpa.WebUI\Koala.Yedpa.WebUI.csproj]
C:\Program Files\dotnet\sdk\10.0.102\Microsoft.Common.CurrentVersion.targets(5080,5): warning MSB3026: Could not copy "D:\cSource\repos\Koala.Yedpa_cursor\Koala.Yedpa.Service\bin\Debug\net10.0\Koala.Yedpa.Service.dll" to "bin\Debug\net10.0\Koala.Yedpa.Service.dll". Beginning retry 9 in 1000ms. The process cannot access the file 'D:\cSource\repos\Koala.Yedpa_cursor\Koala.Yedpa.WebUI\bin\Debug\net10.0\Koala.Yedpa.Service.dll' because it is being used by another process. The file is locked by: "Koala.Yedpa.WebUI (59500)" [D:\cSource\repos\Koala.Yedpa_cursor\Koala.Yedpa.WebUI\Koala.Yedpa.WebUI.csproj]
C:\Program Files\dotnet\sdk\10.0.102\Microsoft.Common.CurrentVersion.targets(5080,5): warning MSB3026: Could not copy "D:\cSource\repos\Koala.Yedpa_cursor\Koala.Yedpa.Core\bin\Debug\net10.0\Koala.Yedpa.Core.dll" to "bin\Debug\net10.0\Koala.Yedpa.Core.dll". Beginning retry 9 in 1000ms. The process cannot access the file 'D:\cSource\repos\Koala.Yedpa_cursor\Koala.Yedpa.WebUI\bin\Debug\net10.0\Koala.Yedpa.Core.dll' because it is being used by another process. The file is locked by: "Koala.Yedpa.WebUI (59500)" [D:\cSource\repos\Koala.Yedpa_cursor\Koala.Yedpa.WebUI\Koala.Yedpa.WebUI.csproj]
C:\Program Files\dotnet\sdk\10.0.102\Microsoft.Common.CurrentVersion.targets(5080,5): warning MSB3026: Could not copy "D:\cSource\repos\Koala.Yedpa_cursor\Koala.Yedpa.Repositories\bin\Debug\net10.0\Koala.Yedpa.Repositories.dll" to "bin\Debug\net10.0\Koala.Yedpa.Repositories.dll". Beginning retry 10 in 1000ms. The process cannot access the file 'D:\cSource\repos\Koala.Yedpa_cursor\Koala.Yedpa.WebUI\bin\Debug\net10.0\Koala.Yedpa.Repositories.dll' because it is being used by another process. The file is locked by: "Koala.Yedpa.WebUI (59500)" [D:\cSource\repos\Koala.Yedpa_cursor\Koala.Yedpa.WebUI\Koala.Yedpa.WebUI.csproj]
C:\Program Files\dotnet\sdk\10.0.102\Microsoft.Common.CurrentVersion.targets(5080,5): warning MSB3026: Could not copy "D:\cSource\repos\Koala.Yedpa_cursor\Koala.Yedpa.Core\bin\Debug\net10.0\Koala.Yedpa.Core.dll" to "bin\Debug\net10.0\Koala.Yedpa.Core.dll". Beginning retry 10 in 1000ms. The process cannot access the file 'D:\cSource\repos\Koala.Yedpa_cursor\Koala.Yedpa.WebUI\bin\Debug\net10.0\Koala.Yedpa.Core.dll' because it is being used by another process. The file is locked by: "Koala.Yedpa.WebUI (59500)" [D:\cSource\repos\Koala.Yedpa_cursor\Koala.Yedpa.WebUI\Koala.Yedpa.WebUI.csproj]
C:\Program Files\dotnet\sdk\10.0.102\Microsoft.Common.CurrentVersion.targets(5080,5): warning MSB3026: Could not copy "D:\cSource\repos\Koala.Yedpa_cursor\Koala.Yedpa.Service\bin\Debug\net10.0\Koala.Yedpa.Service.dll" to "bin\Debug\net10.0\Koala.Yedpa.Service.dll". Beginning retry 10 in 1000ms. The process cannot access the file 'D:\cSource\repos\Koala.Yedpa_cursor\Koala.Yedpa.WebUI\bin\Debug\net10.0\Koala.Yedpa.Service.dll' because it is being used by another process. The file is locked by: "Koala.Yedpa.WebUI (59500)" [D:\cSource\repos\Koala.Yedpa_cursor\Koala.Yedpa.WebUI\Koala.Yedpa.WebUI.csproj]
C:\Program Files\dotnet\sdk\10.0.102\Microsoft.Common.CurrentVersion.targets(5080,5): error MSB3027: Could not copy "D:\cSource\repos\Koala.Yedpa_cursor\Koala.Yedpa.Repositories\bin\Debug\net10.0\Koala.Yedpa.Repositories.dll" to "bin\Debug\net10.0\Koala.Yedpa.Repositories.dll". Exceeded retry count of 10. Failed. The file is locked by: "Koala.Yedpa.WebUI (59500)" [D:\cSource\repos\Koala.Yedpa_cursor\Koala.Yedpa.WebUI\Koala.Yedpa.WebUI.csproj]
C:\Program Files\dotnet\sdk\10.0.102\Microsoft.Common.CurrentVersion.targets(5080,5): error MSB3021: Unable to copy file "D:\cSource\repos\Koala.Yedpa_cursor\Koala.Yedpa.Repositories\bin\Debug\net10.0\Koala.Yedpa.Repositories.dll" to "bin\Debug\net10.0\Koala.Yedpa.Repositories.dll". The process cannot access the file 'D:\cSource\repos\Koala.Yedpa_cursor\Koala.Yedpa.WebUI\bin\Debug\net10.0\Koala.Yedpa.Repositories.dll' because it is being used by another process. [D:\cSource\repos\Koala.Yedpa_cursor\Koala.Yedpa.WebUI\Koala.Yedpa.WebUI.csproj]
C:\Program Files\dotnet\sdk\10.0.102\Microsoft.Common.CurrentVersion.targets(5080,5): error MSB3027: Could not copy "D:\cSource\repos\Koala.Yedpa_cursor\Koala.Yedpa.Core\bin\Debug\net10.0\Koala.Yedpa.Core.dll" to "bin\Debug\net10.0\Koala.Yedpa.Core.dll". Exceeded retry count of 10. Failed. The file is locked by: "Koala.Yedpa.WebUI (59500)" [D:\cSource\repos\Koala.Yedpa_cursor\Koala.Yedpa.WebUI\Koala.Yedpa.WebUI.csproj]
C:\Program Files\dotnet\sdk\10.0.102\Microsoft.Common.CurrentVersion.targets(5080,5): error MSB3021: Unable to copy file "D:\cSource\repos\Koala.Yedpa_cursor\Koala.Yedpa.Core\bin\Debug\net10.0\Koala.Yedpa.Core.dll" to "bin\Debug\net10.0\Koala.Yedpa.Core.dll". The process cannot access the file 'D:\cSource\repos\Koala.Yedpa_cursor\Koala.Yedpa.WebUI\bin\Debug\net10.0\Koala.Yedpa.Core.dll' because it is being used by another process. [D:\cSource\repos\Koala.Yedpa_cursor\Koala.Yedpa.WebUI\Koala.Yedpa.WebUI.csproj]
C:\Program Files\dotnet\sdk\10.0.102\Microsoft.Common.CurrentVersion.targets(5080,5): error MSB3027: Could not copy "D:\cSource\repos\Koala.Yedpa_cursor\Koala.Yedpa.Service\bin\Debug\net10.0\Koala.Yedpa.Service.dll" to "bin\Debug\net10.0\Koala.Yedpa.Service.dll". Exceeded retry count of 10. Failed. The file is locked by: "Koala.Yedpa.WebUI (59500)" [D:\cSource\repos\Koala.Yedpa_cursor\Koala.Yedpa.WebUI\Koala.Yedpa.WebUI.csproj]
C:\Program Files\dotnet\sdk\10.0.102\Microsoft.Common.CurrentVersion.targets(5080,5): error MSB3021: Unable to copy file "D:\cSource\repos\Koala.Yedpa_cursor\Koala.Yedpa.Service\bin\Debug\net10.0\Koala.Yedpa.Service.dll" to "bin\Debug\net10.0\Koala.Yedpa.Service.dll". The process cannot access the file 'D:\cSource\repos\Koala.Yedpa_cursor\Koala.Yedpa.WebUI\bin\Debug\net10.0\Koala.Yedpa.Service.dll' because it is being used by another process. [D:\cSource\repos\Koala.Yedpa_cursor\Koala.Yedpa.WebUI\Koala.Yedpa.WebUI.csproj]

Build FAILED.

C:\Program Files\dotnet\sdk\10.0.102\Microsoft.Common.CurrentVersion.targets(5080,5): warning MSB3026: Could not copy "D:\cSource\repos\Koala.Yedpa_cursor\Koala.Yedpa.Repositories\bin\Debug\net10.0\Koala.Yedpa.Repositories.dll" to "bin\Debug\net10.0\Koala.Yedpa.Repositories.dll". Beginning retry 1 in 1000ms. The process cannot access the file 'D:\cSource\repos\Koala.Yedpa_cursor\Koala.Yedpa.WebUI\bin\Debug\net10.0\Koala.Yedpa.Repositories.dll' because it is being used by another process. The file is locked by: "Koala.Yedpa.WebUI (59500)" [D:\cSource\repos\Koala.Yedpa_cursor\Koala.Yedpa.WebUI\Koala.Yedpa.WebUI.csproj]
C:\Program Files\dotnet\sdk\10.0.102\Microsoft.Common.CurrentVersion.targets(5080,5): warning MSB3026: Could not copy "D:\cSource\repos\Koala.Yedpa_cursor\Koala.Yedpa.Service\bin\Debug\net10.0\Koala.Yedpa.Service.dll" to "bin\Debug\net10.0\Koala.Yedpa.Service.dll". Beginning retry 1 in 1000ms. The process cannot access the file 'D:\cSource\repos\Koala.Yedpa_cursor\Koala.Yedpa.WebUI\bin\Debug\net10.0\Koala.Yedpa.Service.dll' because it is being used by another process. The file is locked by: "Koala.Yedpa.WebUI (59500)" [D:\cSource\repos\Koala.Yedpa_cursor\Koala.Yedpa.WebUI\Koala.Yedpa.WebUI.csproj]
C:\Program Files\dotnet\sdk\10.0.102\Microsoft.Common.CurrentVersion.targets(5080,5): warning MSB3026: Could not copy "D:\cSource\repos\Koala.Yedpa_cursor\Koala.Yedpa.Core\bin\Debug\net10.0\Koala.Yedpa.Core.dll" to "bin\Debug\net10.0\Koala.Yedpa.Core.dll". Beginning retry 1 in 1000ms. The process cannot access the file 'D:\cSource\repos\Koala.Yedpa_cursor\Koala.Yedpa.WebUI\bin\Debug\net10.0\Koala.Yedpa.Core.dll' because it is being used by another process. The file is locked by: "Koala.Yedpa.WebUI (59500)" [D:\cSource\repos\Koala.Yedpa_cursor\Koala.Yedpa.WebUI\Koala.Yedpa.WebUI.csproj]
C:\Program Files\dotnet\sdk\10.0.102\Microsoft.Common.CurrentVersion.targets(5080,5): warning MSB3026: Could not copy "D:\cSource\repos\Koala.Yedpa_cursor\Koala.Yedpa.Repositories\bin\Debug\net10.0\Koala.Yedpa.Repositories.dll" to "bin\Debug\net10.0\Koala.Yedpa.Repositories.dll". Beginning retry 2 in 1000ms. The process cannot access the file 'D:\cSource\repos\Koala.Yedpa_cursor\Koala.Yedpa.WebUI\bin\Debug\net10.0\Koala.Yedpa.Repositories.dll' because it is being used by another process. The file is locked by: "Koala.Yedpa.WebUI (59500)" [D:\cSource\repos\Koala.Yedpa_cursor\Koala.Yedpa.WebUI\Koala.Yedpa.WebUI.csproj]
C:\Program Files\dotnet\sdk\10.0.102\Microsoft.Common.CurrentVersion.targets(5080,5): warning MSB3026: Could not copy "D:\cSource\repos\Koala.Yedpa_cursor\Koala.Yedpa.Service\bin\Debug\net10.0\Koala.Yedpa.Service.dll" to "bin\Debug\net10.0\Koala.Yedpa.Service.dll". Beginning retry 2 in 1000ms. The process cannot access the file 'D:\cSource\repos\Koala.Yedpa_cursor\Koala.Yedpa.WebUI\bin\Debug\net10.0\Koala.Yedpa.Service.dll' because it is being used by another process. The file is locked by: "Koala.Yedpa.WebUI (59500)" [D:\cSource\repos\Koala.Yedpa_cursor\Koala.Yedpa.WebUI\Koala.Yedpa.WebUI.csproj]
C:\Program Files\dotnet\sdk\10.0.102\Microsoft.Common.CurrentVersion.targets(5080,5): warning MSB3026: Could not copy "D:\cSource\repos\Koala.Yedpa_cursor\Koala.Yedpa.Core\bin\Debug\net10.0\Koala.Yedpa.Core.dll" to "bin\Debug\net10.0\Koala.Yedpa.Core.dll". Beginning retry 2 in 1000ms. The process cannot access the file 'D:\cSource\repos\Koala.Yedpa_cursor\Koala.Yedpa.WebUI\bin\Debug\net10.0\Koala.Yedpa.Core.dll' because it is being used by another process. The file is locked by: "Koala.Yedpa.WebUI (59500)" [D:\cSource\repos\Koala.Yedpa_cursor\Koala.Yedpa.WebUI\Koala.Yedpa.WebUI.csproj]
C:\Program Files\dotnet\sdk\10.0.102\Microsoft.Common.CurrentVersion.targets(5080,5): warning MSB3026: Could not copy "D:\cSource\repos\Koala.Yedpa_cursor\Koala.Yedpa.Repositories\bin\Debug\net10.0\Koala.Yedpa.Repositories.dll" to "bin\Debug\net10.0\Koala.Yedpa.Repositories.dll". Beginning retry 3 in 1000ms. The process cannot access the file 'D:\cSource\repos\Koala.Yedpa_cursor\Koala.Yedpa.WebUI\bin\Debug\net10.0\Koala.Yedpa.Repositories.dll' because it is being used by another process. The file is locked by: "Koala.Yedpa.WebUI (59500)" [D:\cSource\repos\Koala.Yedpa_cursor\Koala.Yedpa.WebUI\Koala.Yedpa.WebUI.csproj]
C:\Program Files\dotnet\sdk\10.0.102\Microsoft.Common.CurrentVersion.targets(5080,5): warning MSB3026: Could not copy "D:\cSource\repos\Koala.Yedpa_cursor\Koala.Yedpa.Service\bin\Debug\net10.0\Koala.Yedpa.Service.dll" to "bin\Debug\net10.0\Koala.Yedpa.Service.dll". Beginning retry 3 in 1000ms. The process cannot access the file 'D:\cSource\repos\Koala.Yedpa_cursor\Koala.Yedpa.WebUI\bin\Debug\net10.0\Koala.Yedpa.Service.dll' because it is being used by another process. The file is locked by: "Koala.Yedpa.WebUI (59500)" [D:\cSource\repos\Koala.Yedpa_cursor\Koala.Yedpa.WebUI\Koala.Yedpa.WebUI.csproj]
C:\Program Files\dotnet\sdk\10.0.102\Microsoft.Common.CurrentVersion.targets(5080,5): warning MSB3026: Could not copy "D:\cSource\repos\Koala.Yedpa_cursor\Koala.Yedpa.Core\bin\Debug\net10.0\Koala.Yedpa.Core.dll" to "bin\Debug\net10.0\Koala.Yedpa.Core.dll". Beginning retry 3 in 1000ms. The process cannot access the file 'D:\cSource\repos\Koala.Yedpa_cursor\Koala.Yedpa.WebUI\bin\Debug\net10.0\Koala.Yedpa.Core.dll' because it is being used by another process. The file is locked by: "Koala.Yedpa.WebUI (59500)" [D:\cSource\repos\Koala.Yedpa_cursor\Koala.Yedpa.WebUI\Koala.Yedpa.WebUI.csproj]
C:\Program Files\dotnet\sdk\10.0.102\Microsoft.Common.CurrentVersion.targets(5080,5): warning MSB3026: Could not copy "D:\cSource\repos\Koala.Yedpa_cursor\Koala.Yedpa.Repositories\bin\Debug\net10.0\Koala.Yedpa.Repositories.dll" to "bin\Debug\net10.0\Koala.Yedpa.Repositories.dll". Beginning retry 4 in 1000ms. The process cannot access the file 'D:\cSource\repos\Koala.Yedpa_cursor\Koala.Yedpa.WebUI\bin\Debug\net10.0\Koala.Yedpa.Repositories.dll' because it is being used by another process. The file is locked by: "Koala.Yedpa.WebUI (59500)" [D:\cSource\repos\Koala.Yedpa_cursor\Koala.Yedpa.WebUI\Koala.Yedpa.WebUI.csproj]
C:\Program Files\dotnet\sdk\10.0.102\Microsoft.Common.CurrentVersion.targets(5080,5): warning MSB3026: Could not copy "D:\cSource\repos\Koala.Yedpa_cursor\Koala.Yedpa.Service\bin\Debug\net10.0\Koala.Yedpa.Service.dll" to "bin\Debug\net10.0\Koala.Yedpa.Service.dll". Beginning retry 4 in 1000ms. The process cannot access the file 'D:\cSource\repos\Koala.Yedpa_cursor\Koala.Yedpa.WebUI\bin\Debug\net10.0\Koala.Yedpa.Service.dll' because it is being used by another process. The file is locked by: "Koala.Yedpa.WebUI (59500)" [D:\cSource\repos\Koala.Yedpa_cursor\Koala.Yedpa.WebUI\Koala.Yedpa.WebUI.csproj]
C:\Program Files\dotnet\sdk\10.0.102\Microsoft.Common.CurrentVersion.targets(5080,5): warning MSB3026: Could not copy "D:\cSource\repos\Koala.Yedpa_cursor\Koala.Yedpa.Core\bin\Debug\net10.0\Koala.Yedpa.Core.dll" to "bin\Debug\net10.0\Koala.Yedpa.Core.dll". Beginning retry 4 in 1000ms. The process cannot access the file 'D:\cSource\repos\Koala.Yedpa_cursor\Koala.Yedpa.WebUI\bin\Debug\net10.0\Koala.Yedpa.Core.dll' because it is being used by another process. The file is locked by: "Koala.Yedpa.WebUI (59500)" [D:\cSource\repos\Koala.Yedpa_cursor\Koala.Yedpa.WebUI\Koala.Yedpa.WebUI.csproj]
C:\Program Files\dotnet\sdk\10.0.102\Microsoft.Common.CurrentVersion.targets(5080,5): warning MSB3026: Could not copy "D:\cSource\repos\Koala.Yedpa_cursor\Koala.Yedpa.Repositories\bin\Debug\net10.0\Koala.Yedpa.Repositories.dll" to "bin\Debug\net10.0\Koala.Yedpa.Repositories.dll". Beginning retry 5 in 1000ms. The process cannot access the file 'D:\cSource\repos\Koala.Yedpa_cursor\Koala.Yedpa.WebUI\bin\Debug\net10.0\Koala.Yedpa.Repositories.dll' because it is being used by another process. The file is locked by: "Koala.Yedpa.WebUI (59500)" [D:\cSource\repos\Koala.Yedpa_cursor\Koala.Yedpa.WebUI\Koala.Yedpa.WebUI.csproj]
C:\Program Files\dotnet\sdk\10.0.102\Microsoft.Common.CurrentVersion.targets(5080,5): warning MSB3026: Could not copy "D:\cSource\repos\Koala.Yedpa_cursor\Koala.Yedpa.Service\bin\Debug\net10.0\Koala.Yedpa.Service.dll" to "bin\Debug\net10.0\Koala.Yedpa.Service.dll". Beginning retry 5 in 1000ms. The process cannot access the file 'D:\cSource\repos\Koala.Yedpa_cursor\Koala.Yedpa.WebUI\bin\Debug\net10.0\Koala.Yedpa.Service.dll' because it is being used by another process. The file is locked by: "Koala.Yedpa.WebUI (59500)" [D:\cSource\repos\Koala.Yedpa_cursor\Koala.Yedpa.WebUI\Koala.Yedpa.WebUI.csproj]
C:\Program Files\dotnet\sdk\10.0.102\Microsoft.Common.CurrentVersion.targets(5080,5): warning MSB3026: Could not copy "D:\cSource\repos\Koala.Yedpa_cursor\Koala.Yedpa.Core\bin\Debug\net10.0\Koala.Yedpa.Core.dll" to "bin\Debug\net10.0\Koala.Yedpa.Core.dll". Beginning retry 5 in 1000ms. The process cannot access the file 'D:\cSource\repos\Koala.Yedpa_cursor\Koala.Yedpa.WebUI\bin\Debug\net10.0\Koala.Yedpa.Core.dll' because it is being used by another process. The file is locked by: "Koala.Yedpa.WebUI (59500)" [D:\cSource\repos\Koala.Yedpa_cursor\Koala.Yedpa.WebUI\Koala.Yedpa.WebUI.csproj]
C:\Program Files\dotnet\sdk\10.0.102\Microsoft.Common.CurrentVersion.targets(5080,5): warning MSB3026: Could not copy "D:\cSource\repos\Koala.Yedpa_cursor\Koala.Yedpa.Repositories\bin\Debug\net10.0\Koala.Yedpa.Repositories.dll" to "bin\Debug\net10.0\Koala.Yedpa.Repositories.dll". Beginning retry 6 in 1000ms. The process cannot access the file 'D:\cSource\repos\Koala.Yedpa_cursor\Koala.Yedpa.WebUI\bin\Debug\net10.0\Koala.Yedpa.Repositories.dll' because it is being used by another process. The file is locked by: "Koala.Yedpa.WebUI (59500)" [D:\cSource\repos\Koala.Yedpa_cursor\Koala.Yedpa.WebUI\Koala.Yedpa.WebUI.csproj]
C:\Program Files\dotnet\sdk\10.0.102\Microsoft.Common.CurrentVersion.targets(5080,5): warning MSB3026: Could not copy "D:\cSource\repos\Koala.Yedpa_cursor\Koala.Yedpa.Service\bin\Debug\net10.0\Koala.Yedpa.Service.dll" to "bin\Debug\net10.0\Koala.Yedpa.Service.dll". Beginning retry 6 in 1000ms. The process cannot access the file 'D:\cSource\repos\Koala.Yedpa_cursor\Koala.Yedpa.WebUI\bin\Debug\net10.0\Koala.Yedpa.Service.dll' because it is being used by another process. The file is locked by: "Koala.Yedpa.WebUI (59500)" [D:\cSource\repos\Koala.Yedpa_cursor\Koala.Yedpa.WebUI\Koala.Yedpa.WebUI.csproj]
C:\Program Files\dotnet\sdk\10.0.102\Microsoft.Common.CurrentVersion.targets(5080,5): warning MSB3026: Could not copy "D:\cSource\repos\Koala.Yedpa_cursor\Koala.Yedpa.Core\bin\Debug\net10.0\Koala.Yedpa.Core.dll" to "bin\Debug\net10.0\Koala.Yedpa.Core.dll". Beginning retry 6 in 1000ms. The process cannot access the file 'D:\cSource\repos\Koala.Yedpa_cursor\Koala.Yedpa.WebUI\bin\Debug\net10.0\Koala.Yedpa.Core.dll' because it is being used by another process. The file is locked by: "Koala.Yedpa.WebUI (59500)" [D:\cSource\repos\Koala.Yedpa_cursor\Koala.Yedpa.WebUI\Koala.Yedpa.WebUI.csproj]
C:\Program Files\dotnet\sdk\10.0.102\Microsoft.Common.CurrentVersion.targets(5080,5): warning MSB3026: Could not copy "D:\cSource\repos\Koala.Yedpa_cursor\Koala.Yedpa.Repositories\bin\Debug\net10.0\Koala.Yedpa.Repositories.dll" to "bin\Debug\net10.0\Koala.Yedpa.Repositories.dll". Beginning retry 7 in 1000ms. The process cannot access the file 'D:\cSource\repos\Koala.Yedpa_cursor\Koala.Yedpa.WebUI\bin\Debug\net10.0\Koala.Yedpa.Repositories.dll' because it is being used by another process. The file is locked by: "Koala.Yedpa.WebUI (59500)" [D:\cSource\repos\Koala.Yedpa_cursor\Koala.Yedpa.WebUI\Koala.Yedpa.WebUI.csproj]
C:\Program Files\dotnet\sdk\10.0.102\Microsoft.Common.CurrentVersion.targets(5080,5): warning MSB3026: Could not copy "D:\cSource\repos\Koala.Yedpa_cursor\Koala.Yedpa.Service\bin\Debug\net10.0\Koala.Yedpa.Service.dll" to "bin\Debug\net10.0\Koala.Yedpa.Service.dll". Beginning retry 7 in 1000ms. The process cannot access the file 'D:\cSource\repos\Koala.Yedpa_cursor\Koala.Yedpa.WebUI\bin\Debug\net10.0\Koala.Yedpa.Service.dll' because it is being used by another process. The file is locked by: "Koala.Yedpa.WebUI (59500)" [D:\cSource\repos\Koala.Yedpa_cursor\Koala.Yedpa.WebUI\Koala.Yedpa.WebUI.csproj]
C:\Program Files\dotnet\sdk\10.0.102\Microsoft.Common.CurrentVersion.targets(5080,5): warning MSB3026: Could not copy "D:\cSource\repos\Koala.Yedpa_cursor\Koala.Yedpa.Core\bin\Debug\net10.0\Koala.Yedpa.Core.dll" to "bin\Debug\net10.0\Koala.Yedpa.Core.dll". Beginning retry 7 in 1000ms. The process cannot access the file 'D:\cSource\repos\Koala.Yedpa_cursor\Koala.Yedpa.WebUI\bin\Debug\net10.0\Koala.Yedpa.Core.dll' because it is being used by another process. The file is locked by: "Koala.Yedpa.WebUI (59500)" [D:\cSource\repos\Koala.Yedpa_cursor\Koala.Yedpa.WebUI\Koala.Yedpa.WebUI.csproj]
C:\Program Files\dotnet\sdk\10.0.102\Microsoft.Common.CurrentVersion.targets(5080,5): warning MSB3026: Could not copy "D:\cSource\repos\Koala.Yedpa_cursor\Koala.Yedpa.Repositories\bin\Debug\net10.0\Koala.Yedpa.Repositories.dll" to "bin\Debug\net10.0\Koala.Yedpa.Repositories.dll". Beginning retry 8 in 1000ms. The process cannot access the file 'D:\cSource\repos\Koala.Yedpa_cursor\Koala.Yedpa.WebUI\bin\Debug\net10.0\Koala.Yedpa.Repositories.dll' because it is being used by another process. The file is locked by: "Koala.Yedpa.WebUI (59500)" [D:\cSource\repos\Koala.Yedpa_cursor\Koala.Yedpa.WebUI\Koala.Yedpa.WebUI.csproj]
C:\Program Files\dotnet\sdk\10.0.102\Microsoft.Common.CurrentVersion.targets(5080,5): warning MSB3026: Could not copy "D:\cSource\repos\Koala.Yedpa_cursor\Koala.Yedpa.Service\bin\Debug\net10.0\Koala.Yedpa.Service.dll" to "bin\Debug\net10.0\Koala.Yedpa.Service.dll". Beginning retry 8 in 1000ms. The process cannot access the file 'D:\cSource\repos\Koala.Yedpa_cursor\Koala.Yedpa.WebUI\bin\Debug\net10.0\Koala.Yedpa.Service.dll' because it is being used by another process. The file is locked by: "Koala.Yedpa.WebUI (59500)" [D:\cSource\repos\Koala.Yedpa_cursor\Koala.Yedpa.WebUI\Koala.Yedpa.WebUI.csproj]
C:\Program Files\dotnet\sdk\10.0.102\Microsoft.Common.CurrentVersion.targets(5080,5): warning MSB3026: Could not copy "D:\cSource\repos\Koala.Yedpa_cursor\Koala.Yedpa.Core\bin\Debug\net10.0\Koala.Yedpa.Core.dll" to "bin\Debug\net10.0\Koala.Yedpa.Core.dll". Beginning retry 8 in 1000ms. The process cannot access the file 'D:\cSource\repos\Koala.Yedpa_cursor\Koala.Yedpa.WebUI\bin\Debug\net10.0\Koala.Yedpa.Core.dll' because it is being used by another process. The file is locked by: "Koala.Yedpa.WebUI (59500)" [D:\cSource\repos\Koala.Yedpa_cursor\Koala.Yedpa.WebUI\Koala.Yedpa.WebUI.csproj]
C:\Program Files\dotnet\sdk\10.0.102\Microsoft.Common.CurrentVersion.targets(5080,5): warning MSB3026: Could not copy "D:\cSource\repos\Koala.Yedpa_cursor\Koala.Yedpa.Repositories\bin\Debug\net10.0\Koala.Yedpa.Repositories.dll" to "bin\Debug\net10.0\Koala.Yedpa.Repositories.dll". Beginning retry 9 in 1000ms. The process cannot access the file 'D:\cSource\repos\Koala.Yedpa_cursor\Koala.Yedpa.WebUI\bin\Debug\net10.0\Koala.Yedpa.Repositories.dll' because it is being used by another process. The file is locked by: "Koala.Yedpa.WebUI (59500)" [D:\cSource\repos\Koala.Yedpa_cursor\Koala.Yedpa.WebUI\Koala.Yedpa.WebUI.csproj]
C:\Program Files\dotnet\sdk\10.0.102\Microsoft.Common.CurrentVersion.targets(5080,5): warning MSB3026: Could not copy "D:\cSource\repos\Koala.Yedpa_cursor\Koala.Yedpa.Service\bin\Debug\net10.0\Koala.Yedpa.Service.dll" to "bin\Debug\net10.0\Koala.Yedpa.Service.dll". Beginning retry 9 in 1000ms. The process cannot access the file 'D:\cSource\repos\Koala.Yedpa_cursor\Koala.Yedpa.WebUI\bin\Debug\net10.0\Koala.Yedpa.Service.dll' because it is being used by another process. The file is locked by: "Koala.Yedpa.WebUI (59500)" [D:\cSource\repos\Koala.Yedpa_cursor\Koala.Yedpa.WebUI\Koala.Yedpa.WebUI.csproj]
C:\Program Files\dotnet\sdk\10.0.102\Microsoft.Common.CurrentVersion.targets(5080,5): warning MSB3026: Could not copy "D:\cSource\repos\Koala.Yedpa_cursor\Koala.Yedpa.Core\bin\Debug\net10.0\Koala.Yedpa.Core.dll" to "bin\Debug\net10.0\Koala.Yedpa.Core.dll". Beginning retry 9 in 1000ms. The process cannot access the file 'D:\cSource\repos\Koala.Yedpa_cursor\Koala.Yedpa.WebUI\bin\Debug\net10.0\Koala.Yedpa.Core.dll' because it is being used by another process. The file is locked by: "Koala.Yedpa.WebUI (59500)" [D:\cSource\repos\Koala.Yedpa_cursor\Koala.Yedpa.WebUI\Koala.Yedpa.WebUI.csproj]
C:\Program Files\dotnet\sdk\10.0.102\Microsoft.Common.CurrentVersion.targets(5080,5): warning MSB3026: Could not copy "D:\cSource\repos\Koala.Yedpa_cursor\Koala.Yedpa.Repositories\bin\Debug\net10.0\Koala.Yedpa.Repositories.dll" to "bin\Debug\net10.0\Koala.Yedpa.Repositories.dll". Beginning retry 10 in 1000ms. The process cannot access the file 'D:\cSource\repos\Koala.Yedpa_cursor\Koala.Yedpa.WebUI\bin\Debug\net10.0\Koala.Yedpa.Repositories.dll' because it is being used by another process. The file is locked by: "Koala.Yedpa.WebUI (59500)" [D:\cSource\repos\Koala.Yedpa_cursor\Koala.Yedpa.WebUI\Koala.Yedpa.WebUI.csproj]
C:\Program Files\dotnet\sdk\10.0.102\Microsoft.Common.CurrentVersion.targets(5080,5): warning MSB3026: Could not copy "D:\cSource\repos\Koala.Yedpa_cursor\Koala.Yedpa.Core\bin\Debug\net10.0\Koala.Yedpa.Core.dll" to "bin\Debug\net10.0\Koala.Yedpa.Core.dll". Beginning retry 10 in 1000ms. The process cannot access the file 'D:\cSource\repos\Koala.Yedpa_cursor\Koala.Yedpa.WebUI\bin\Debug\net10.0\Koala.Yedpa.Core.dll' because it is being used by another process. The file is locked by: "Koala.Yedpa.WebUI (59500)" [D:\cSource\repos\Koala.Yedpa_cursor\Koala.Yedpa.WebUI\Koala.Yedpa.WebUI.csproj]
C:\Program Files\dotnet\sdk\10.0.102\Microsoft.Common.CurrentVersion.targets(5080,5): warning MSB3026: Could not copy "D:\cSource\repos\Koala.Yedpa_cursor\Koala.Yedpa.Service\bin\Debug\net10.0\Koala.Yedpa.Service.dll" to "bin\Debug\net10.0\Koala.Yedpa.Service.dll". Beginning retry 10 in 1000ms. The process cannot access the file 'D:\cSource\repos\Koala.Yedpa_cursor\Koala.Yedpa.WebUI\bin\Debug\net10.0\Koala.Yedpa.Service.dll' because it is being used by another process. The file is locked by: "Koala.Yedpa.WebUI (59500)" [D:\cSource\repos\Koala.Yedpa_cursor\Koala.Yedpa.WebUI\Koala.Yedpa.WebUI.csproj]
C:\Program Files\dotnet\sdk\10.0.102\Microsoft.Common.CurrentVersion.targets(5080,5): error MSB3027: Could not copy "D:\cSource\repos\Koala.Yedpa_cursor\Koala.Yedpa.Repositories\bin\Debug\net10.0\Koala.Yedpa.Repositories.dll" to "bin\Debug\net10.0\Koala.Yedpa.Repositories.dll". Exceeded retry count of 10. Failed. The file is locked by: "Koala.Yedpa.WebUI (59500)" [D:\cSource\repos\Koala.Yedpa_cursor\Koala.Yedpa.WebUI\Koala.Yedpa.WebUI.csproj]
C:\Program Files\dotnet\sdk\10.0.102\Microsoft.Common.CurrentVersion.targets(5080,5): error MSB3021: Unable to copy file "D:\cSource\repos\Koala.Yedpa_cursor\Koala.Yedpa.Repositories\bin\Debug\net10.0\Koala.Yedpa.Repositories.dll" to "bin\Debug\net10.0\Koala.Yedpa.Repositories.dll". The process cannot access the file 'D:\cSource\repos\Koala.Yedpa_cursor\Koala.Yedpa.WebUI\bin\Debug\net10.0\Koala.Yedpa.Repositories.dll' because it is being used by another process. [D:\cSource\repos\Koala.Yedpa_cursor\Koala.Yedpa.WebUI\Koala.Yedpa.WebUI.csproj]
C:\Program Files\dotnet\sdk\10.0.102\Microsoft.Common.CurrentVersion.targets(5080,5): error MSB3027: Could not copy "D:\cSource\repos\Koala.Yedpa_cursor\Koala.Yedpa.Core\bin\Debug\net10.0\Koala.Yedpa.Core.dll" to "bin\Debug\net10.0\Koala.Yedpa.Core.dll". Exceeded retry count of 10. Failed. The file is locked by: "Koala.Yedpa.WebUI (59500)" [D:\cSource\repos\Koala.Yedpa_cursor\Koala.Yedpa.WebUI\Koala.Yedpa.WebUI.csproj]
C:\Program Files\dotnet\sdk\10.0.102\Microsoft.Common.CurrentVersion.targets(5080,5): error MSB3021: Unable to copy file "D:\cSource\repos\Koala.Yedpa_cursor\Koala.Yedpa.Core\bin\Debug\net10.0\Koala.Yedpa.Core.dll" to "bin\Debug\net10.0\Koala.Yedpa.Core.dll". The process cannot access the file 'D:\cSource\repos\Koala.Yedpa_cursor\Koala.Yedpa.WebUI\bin\Debug\net10.0\Koala.Yedpa.Core.dll' because it is being used by another process. [D:\cSource\repos\Koala.Yedpa_cursor\Koala.Yedpa.WebUI\Koala.Yedpa.WebUI.csproj]
C:\Program Files\dotnet\sdk\10.0.102\Microsoft.Common.CurrentVersion.targets(5080,5): error MSB3027: Could not copy "D:\cSource\repos\Koala.Yedpa_cursor\Koala.Yedpa.Service\bin\Debug\net10.0\Koala.Yedpa.Service.dll" to "bin\Debug\net10.0\Koala.Yedpa.Service.dll". Exceeded retry count of 10. Failed. The file is locked by: "Koala.Yedpa.WebUI (59500)" [D:\cSource\repos\Koala.Yedpa_cursor\Koala.Yedpa.WebUI\Koala.Yedpa.WebUI.csproj]
C:\Program Files\dotnet\sdk\10.0.102\Microsoft.Common.CurrentVersion.targets(5080,5): error MSB3021: Unable to copy file "D:\cSource\repos\Koala.Yedpa_cursor\Koala.Yedpa.Service\bin\Debug\net10.0\Koala.Yedpa.Service.dll" to "bin\Debug\net10.0\Koala.Yedpa.Service.dll". The process cannot access the file 'D:\cSource\repos\Koala.Yedpa_cursor\Koala.Yedpa.WebUI\bin\Debug\net10.0\Koala.Yedpa.Service.dll' because it is being used by another process. [D:\cSource\repos\Koala.Yedpa_cursor\Koala.Yedpa.WebUI\Koala.Yedpa.WebUI.csproj]
    30 Warning(s)
    6 Error(s)

Time Elapsed 00:00:15.04
